=== Checking the Status of Your Files ===
# git status

On branch master
Your branch is up to date with 'origin/master'.

nothing to commit, working tree clean

=== Once a file is modified ===
# git status

On branch master
Your branch is up to date with 'origin/master'.

Changes not staged for commit:
  (use "git add <file>..." to update what will be committed)
  (use "git restore <file>..." to discard changes in working directory)
        modified:   Git Notes.txt

no changes added to commit (use "git add" and/or "git commit -a")

=== Tracking New Files / To include in what will be committed ===
# git add "Git Notes.txt"

# git status
On branch master
Your branch is up to date with 'origin/master'.

Changes to be committed:
  (use "git restore --staged <file>..." to unstage)
        modified:   Git Notes.txt

=== To unstage ===
# git restore --staged "Git Notes.txt"

=== To discard changes in working directory ===
# git restore "Git Notes.txt"

=== To see Short Status ===
# git status -s
 M "Git Notes.txt"

=== To see what you’ve changed but not yet staged ===
# git diff

=== To see what you’ve staged that will go into your next commit ===
=== --staged and --cached are synonyms ===
# git diff --staged

=== Committing Your Changes ===
=== Doing so launches your editor of choice ===
# git commit
# git commit -m "Commit Message"

=== To remove a file ===
=== use --cached to keep the file, or -f to force removal ===
# git rm --cached test.txt
# git rm -f test.txt

=== To publish your local commits ===
# git push


# git init
Reinitialized existing Git repository in C:/mnasergit-repo/mnasergit-repo/.git/

